// Jest Snapshot v1, https://goo.gl/fbAQLP

exports[`NoMoviesResults component should match the snapshot 1`] = `
<div>
  <p>
    No se encontraron películas para esta búsqueda
  </p>
</div>
`;
